// Jest Snapshot v1, https://goo.gl/fbAQLP

exports[`Catalog should match the snapshot 1`] = `ShallowWrapper {}`;
