// Jest Snapshot v1, https://goo.gl/fbAQLP

exports[`Showcase should expect wrapper to match snapshot 1`] = `ShallowWrapper {}`;
